// Jest Snapshot v1, https://goo.gl/fbAQLP

exports[`AddProperty renders correctly 1`] = `
<DocumentFragment>
  <div
    class="AddProperty"
  >
    <form
      class="FormContainer"
    >
      <div
        class="FormInput"
      >
        <label
          for="title"
        >
          Title of the Property
        </label>
        <input
          id="title"
          name="title"
          placeholder="Title"
          value=""
        />
      </div>
      <div
        class="FormSelectCity"
      >
        <label
          for="city"
        >
          City
        </label>
        <select
          id="city"
          name="city"
        >
          <option
            value="Manchester"
          >
            Manchester
          </option>
          <option
            value="Leeds"
          >
            Leeds
          </option>
          <option
            value="Sheffield"
          >
            Sheffield
          </option>
          <option
            value="Liverpool"
          >
            Liverpool
          </option>
        </select>
      </div>
      <div
        class="FormSelectType"
      >
        <label
          for="type"
        >
          Type
        </label>
        <select
          id="type"
          name="type"
        >
          <option
            value="Flat"
          >
            Flat
          </option>
          <option
            value="Detached"
          >
            Detached
          </option>
          <option
            value="Semi-Detached"
          >
            Semi-Detached
          </option>
          <option
            value="Terraced"
          >
            Terraced
          </option>
          <option
            value="End of Terrace"
          >
            End of Terrace
          </option>
          <option
            value="Cottage"
          >
            Cottage
          </option>
          <option
            value="Bungalow"
          >
            Bungalow
          </option>
        </select>
      </div>
      <div
        class="FormRoom"
      >
        <label
          for="bedrooms"
        >
          Number of Rooms
        </label>
        <input
          id="bedrooms"
          name="bedrooms"
          type="number"
          value="0"
        />
      </div>
      <div
        class="FormBathroom"
      >
        <label
          for="bathrooms"
        >
          Number of Bathrooms
        </label>
        <input
          id="bathrooms"
          name="bathrooms"
          type="number"
          value="0"
        />
      </div>
      <div
        class="FormMaximumPrice"
      >
        <label
          for="price"
        >
          Maximum Price
        </label>
        <input
          id="price"
          name="price"
          type="number"
          value="0"
        />
      </div>
      <div
        class="FormEmail"
      >
        <label
          for="email"
        >
          E-mail
        </label>
        <input
          id="email"
          name="email"
          placeholder="john.doe@gmail.com"
          value=""
        />
      </div>
      <button
        class="FormAddButton"
        type="submit"
      >
        Add
      </button>
    </form>
  </div>
</DocumentFragment>
`;
